  Determining projects to restore...
  All projects are up-to-date for restore.
  WorldClock -> C:\Users\dfonsecatorres\repos\worldclock\WorldClock\bin\Release\net8.0-windows\WorldClock.dll
  WorldClock.Tests -> C:\Users\dfonsecatorres\repos\worldclock\WorldClock.Tests\bin\Debug\net8.0-windows\WorldClock.Tests.dll
Test run for C:\Users\dfonsecatorres\repos\worldclock\WorldClock.Tests\bin\Debug\net8.0-windows\WorldClock.Tests.dll (.NETCoreApp,Version=v8.0)
A total of 1 test files matched the specified pattern.
[xUnit.net 00:00:00.00] xUnit.net VSTest Adapter v2.8.2+699d445a1a (64-bit .NET 8.0.27)
[xUnit.net 00:00:00.07]   Discovering: WorldClock.Tests
[xUnit.net 00:00:00.15]   Discovered:  WorldClock.Tests
[xUnit.net 00:00:00.15]   Starting:    WorldClock.Tests
  Passed WorldClock.Tests.Integration.UtcApiTests.Timezone_StandardOffset_IsAsExpected(tzId: "AUS Eastern Standard Time", expectedHours: 10) [18 ms]
  Passed WorldClock.Tests.Helpers.AcrylicHelperTests.AcrylicHelper_ToBackgroundAlpha_MaxOpacity_IsMaxBackgroundAlpha [18 ms]
  Passed WorldClock.Tests.Helpers.SlotConverterAlignmentTests.NeedleFormula_AtIntegerSlot_MatchesSelectionHighlightPosition(slot: 30) [18 ms]
  Passed WorldClock.Tests.Helpers.TeamsDeepLinkBuilderTests.Subject_ContainsWorldSync [18 ms]
  Passed WorldClock.Tests.Helpers.SlotConverterAlignmentTests.NeedleFormula_AtIntegerSlot_MatchesSelectionHighlightPosition(slot: 47) [< 1 ms]
  Passed WorldClock.Tests.Helpers.AcrylicHelperTests.AcrylicHelper_ToTintAlpha_OverOpacity_ClampsToMax [< 1 ms]
  Passed WorldClock.Tests.Helpers.SlotConverterAlignmentTests.NeedleFormula_AtIntegerSlot_MatchesSelectionHighlightPosition(slot: 10) [< 1 ms]
  Passed WorldClock.Tests.Helpers.SlotConverterAlignmentTests.NeedleFormula_AtIntegerSlot_MatchesSelectionHighlightPosition(slot: 0) [< 1 ms]
  Passed WorldClock.Tests.Helpers.AcrylicHelperTests.AcrylicHelper_MaxBackgroundAlpha_IsLessThan255 [7 ms]
  Passed WorldClock.Tests.Helpers.AcrylicHelperTests.AcrylicHelper_DetectedTier_IsAtLeastWin10_1803_OnCurrentMachine [< 1 ms]
  Passed WorldClock.Tests.Helpers.AcrylicHelperTests.AcrylicHelper_DetectedTier_IsWin10_1803_WhenOnWin10 [< 1 ms]
  Passed WorldClock.Tests.Helpers.TeamsDeepLinkBuilderTests.BothUris_ContainSameQueryParameters [8 ms]
  Passed WorldClock.Tests.Helpers.AcrylicHelperTests.AcrylicHelper_ToTintAlpha_ZeroOpacity_IsZero [< 1 ms]
  Passed WorldClock.Tests.Helpers.TeamsDeepLinkBuilderTests.TeamsUri_StartsWith_msteams [< 1 ms]
  Passed WorldClock.Tests.Helpers.TeamsDeepLinkBuilderTests.FallbackUri_StartsWith_https_teams [< 1 ms]
  Passed WorldClock.Tests.Services.SettingsServiceTests.SettingsService_Load_EmptyJson_ReturnsDefaults [69 ms]
  Passed WorldClock.Tests.Models.TimeGridCellLabelTests.TimeHourPart_And_TimeAmPmPart_SplitCorrectly(timeStr: "23:30", expectedHour: "11:30", expectedAmPm: "pm") [70 ms]
  Passed WorldClock.Tests.Models.TimeGridCellLabelTests.TimeHourPart_And_TimeAmPmPart_SplitCorrectly(timeStr: "22:00", expectedHour: "10", expectedAmPm: "pm") [< 1 ms]
  Passed WorldClock.Tests.Models.TimeGridCellLabelTests.TimeHourPart_And_TimeAmPmPart_SplitCorrectly(timeStr: "00:00", expectedHour: "12", expectedAmPm: "am") [< 1 ms]
  Passed WorldClock.Tests.Models.TimeGridCellLabelTests.TimeHourPart_And_TimeAmPmPart_SplitCorrectly(timeStr: "12:00", expectedHour: "12", expectedAmPm: "pm") [< 1 ms]
  Passed WorldClock.Tests.Models.TimeGridCellLabelTests.TimeHourPart_And_TimeAmPmPart_SplitCorrectly(timeStr: "23:00", expectedHour: "11", expectedAmPm: "pm") [< 1 ms]
  Passed WorldClock.Tests.Models.TimeGridCellLabelTests.TimeHourPart_And_TimeAmPmPart_SplitCorrectly(timeStr: "11:00", expectedHour: "11", expectedAmPm: "am") [< 1 ms]
  Passed WorldClock.Tests.Models.TimeGridCellLabelTests.TimeHourPart_And_TimeAmPmPart_SplitCorrectly(timeStr: "01:00", expectedHour: "1", expectedAmPm: "am") [< 1 ms]
  Passed WorldClock.Tests.Models.TimeGridCellLabelTests.TimeHourPart_And_TimeAmPmPart_SplitCorrectly(timeStr: "07:00", expectedHour: "7", expectedAmPm: "am") [< 1 ms]
  Passed WorldClock.Tests.Models.TimeGridCellLabelTests.TimeHourPart_And_TimeAmPmPart_SplitCorrectly(timeStr: "06:00", expectedHour: "6", expectedAmPm: "am") [< 1 ms]
  Passed WorldClock.Tests.Models.TimeGridCellLabelTests.TimeHourPart_And_TimeAmPmPart_SplitCorrectly(timeStr: "13:00", expectedHour: "1", expectedAmPm: "pm") [< 1 ms]
  Passed WorldClock.Tests.Models.TimeGridCellLabelTests.TimeHourPart_And_TimeAmPmPart_SplitCorrectly(timeStr: "07:30", expectedHour: "7:30", expectedAmPm: "am") [< 1 ms]
  Passed WorldClock.Tests.Models.TimeGridCellLabelTests.TimeGridColumn_SlotHour_And_SlotAmPm_SplitCorrectly(slotIndex: 14, slotLabel: "7a", expectedHour: "7", expectedAmPm: "am") [< 1 ms]
  Passed WorldClock.Tests.Models.TimeGridCellLabelTests.TimeGridColumn_SlotHour_And_SlotAmPm_SplitCorrectly(slotIndex: 2, slotLabel: "1a", expectedHour: "1", expectedAmPm: "am") [< 1 ms]
  Passed WorldClock.Tests.Models.TimeGridCellLabelTests.TimeGridColumn_SlotHour_And_SlotAmPm_SplitCorrectly(slotIndex: 1, slotLabel: "", expectedHour: "", expectedAmPm: "") [< 1 ms]
  Passed WorldClock.Tests.Models.TimeGridCellLabelTests.TimeGridColumn_SlotHour_And_SlotAmPm_SplitCorrectly(slotIndex: 44, slotLabel: "10p", expectedHour: "10", expectedAmPm: "pm") [< 1 ms]
  Passed WorldClock.Tests.Models.TimeGridCellLabelTests.TimeGridColumn_SlotHour_And_SlotAmPm_SplitCorrectly(slotIndex: 0, slotLabel: "12a", expectedHour: "", expectedAmPm: "") [< 1 ms]
  Passed WorldClock.Tests.Models.TimeGridCellLabelTests.TimeGridColumn_SlotHour_And_SlotAmPm_SplitCorrectly(slotIndex: 24, slotLabel: "12p", expectedHour: "12", expectedAmPm: "pm") [< 1 ms]
  Passed WorldClock.Tests.Models.TimeGridCellLabelTests.IsHourSlot_ReturnsTrue_OnlyForEvenSlotIndex(slot: 13, expected: False) [< 1 ms]
  Passed WorldClock.Tests.Models.TimeGridCellLabelTests.IsHourSlot_ReturnsTrue_OnlyForEvenSlotIndex(slot: 47, expected: False) [< 1 ms]
  Passed WorldClock.Tests.Models.TimeGridCellLabelTests.IsHourSlot_ReturnsTrue_OnlyForEvenSlotIndex(slot: 2, expected: True) [< 1 ms]
  Passed WorldClock.Tests.Models.TimeGridCellLabelTests.IsHourSlot_ReturnsTrue_OnlyForEvenSlotIndex(slot: 14, expected: True) [< 1 ms]
  Passed WorldClock.Tests.Models.TimeGridCellLabelTests.IsHourSlot_ReturnsTrue_OnlyForEvenSlotIndex(slot: 1, expected: False) [< 1 ms]
  Passed WorldClock.Tests.Models.TimeGridCellLabelTests.IsHourSlot_ReturnsTrue_OnlyForEvenSlotIndex(slot: 46, expected: True) [< 1 ms]
  Passed WorldClock.Tests.Models.TimeGridCellLabelTests.IsHourSlot_ReturnsTrue_OnlyForEvenSlotIndex(slot: 0, expected: True) [< 1 ms]
  Passed WorldClock.Tests.Models.TimeGridCellLabelTests.StackPanel_ZIndex_Limitation_IsDocumented [< 1 ms]
  Passed WorldClock.Tests.Services.ThemeServiceTests.ThemeService_SetOpacity_Clamps_AboveMax [65 ms]
  Passed WorldClock.Tests.Services.ThemeServiceTests.AppTheme_IsDark_AllLightThemes_AreFalse(name: "Light Default") [< 1 ms]
  Passed WorldClock.Tests.Services.ThemeServiceTests.AppTheme_IsDark_AllLightThemes_AreFalse(name: "Solarized Light") [< 1 ms]
  Passed WorldClock.Tests.Services.SettingsServiceTests.SettingsService_Save_WritesValidJson [11 ms]
  Passed WorldClock.Tests.Services.ThemeServiceTests.AppTheme_IsDark_AllLightThemes_AreFalse(name: "Catppuccin Latte") [< 1 ms]
  Passed WorldClock.Tests.Services.SettingsServiceTests.SettingsService_Load_WhenNoFile_ReturnsDefaults [3 ms]
  Passed WorldClock.Tests.Services.ThemeServiceTests.AppTheme_All_ContainsNamedTheme(name: "Catppuccin Mocha") [4 ms]
  Passed WorldClock.Tests.Services.SettingsServiceTests.SettingsService_SaveAndLoad_PreservesOpacity [5 ms]
  Passed WorldClock.Tests.Services.ThemeServiceTests.AppTheme_All_ContainsNamedTheme(name: "Ariake Dark") [1 ms]
  Passed WorldClock.Tests.Services.SettingsServiceTests.SettingsService_Save_CreatesDirectoryIfMissing [4 ms]
  Passed WorldClock.Tests.Services.ThemeServiceTests.AppTheme_All_ContainsNamedTheme(name: "Tokyo Night") [< 1 ms]
  Passed WorldClock.Tests.Services.ThemeServiceTests.AppTheme_All_ContainsNamedTheme(name: "Nord Dark") [< 1 ms]
  Passed WorldClock.Tests.Services.SettingsServiceTests.SettingsService_Load_CorruptFile_ReturnsDefaults [7 ms]
  Passed WorldClock.Tests.Services.ThemeServiceTests.AppTheme_All_ContainsNamedTheme(name: "Catppuccin Latte") [< 1 ms]
  Passed WorldClock.Tests.Services.ThemeServiceTests.AppTheme_All_ContainsNamedTheme(name: "Solarized Dark") [< 1 ms]
  Passed WorldClock.Tests.Services.SettingsServiceTests.SettingsService_SaveAndLoad_PreservesThemeName [4 ms]
  Passed WorldClock.Tests.Services.SettingsServiceTests.SettingsService_DefaultOpacity_IsHalfTransparency [< 1 ms]
  Passed WorldClock.Tests.Services.SettingsServiceTests.SettingsService_SaveAndLoad_PreservesCityList [6 ms]
  Passed WorldClock.Tests.Services.ThemeServiceTests.AppTheme_All_ContainsNamedTheme(name: "Solarized Light") [< 1 ms]
  Passed WorldClock.Tests.Services.SettingsServiceTests.SettingsService_SaveTheme_DoesNotEraseCities [6 ms]
  Passed WorldClock.Tests.Services.SettingsServiceTests.SettingsService_SaveAndLoad_PreservesAllCityFields [4 ms]
  Passed WorldClock.Tests.Services.ThemeServiceTests.AppTheme_All_ContainsNamedTheme(name: "Monokai") [< 1 ms]
  Passed WorldClock.Tests.Services.ThemeServiceTests.AppTheme_All_ContainsNamedTheme(name: "One Dark") [< 1 ms]
  Passed WorldClock.Tests.Services.ThemeServiceTests.AppTheme_BrushAccentPrimary_ColorMatchesAccentPrimary [2 ms]
  Passed WorldClock.Tests.Services.ThemeServiceTests.ThemeService_DefaultOpacity_IsOne [< 1 ms]
  Passed WorldClock.Tests.Services.ThemeServiceTests.AppTheme_IsDark_AllDarkThemes_AreTrue(name: "Catppuccin Mocha") [< 1 ms]
  Passed WorldClock.Tests.Services.ThemeServiceTests.AppTheme_IsDark_AllDarkThemes_AreTrue(name: "Solarized Dark") [< 1 ms]
  Passed WorldClock.Tests.Services.ThemeServiceTests.AppTheme_IsDark_AllDarkThemes_AreTrue(name: "Nord Dark") [< 1 ms]
  Passed WorldClock.Tests.Services.ThemeServiceTests.AppTheme_IsDark_AllDarkThemes_AreTrue(name: "Monokai") [< 1 ms]
  Passed WorldClock.Tests.Services.ThemeServiceTests.AppTheme_IsDark_AllDarkThemes_AreTrue(name: "Ariake Dark") [< 1 ms]
  Passed WorldClock.Tests.Services.ThemeServiceTests.AppTheme_IsDark_AllDarkThemes_AreTrue(name: "Tokyo Night") [< 1 ms]
  Passed WorldClock.Tests.Services.ThemeServiceTests.AppTheme_IsDark_AllDarkThemes_AreTrue(name: "One Dark") [< 1 ms]
  Passed WorldClock.Tests.Services.ThemeServiceTests.AppTheme_All_HasAtLeastTenThemes [2 ms]
  Passed WorldClock.Tests.Services.ThemeServiceTests.ThemeService_SetOpacity_FiresPropertyChanged [5 ms]
  Passed WorldClock.Tests.Services.ThemeServiceTests.ThemeService_SetOpacity_ValidRange_Stored(value: 0.25) [3 ms]
  Passed WorldClock.Tests.Services.ThemeServiceTests.ThemeService_SetOpacity_ValidRange_Stored(value: 1) [< 1 ms]
  Passed WorldClock.Tests.Services.ThemeServiceTests.ThemeService_SetOpacity_ValidRange_Stored(value: 0.10000000000000001) [3 ms]
  Passed WorldClock.Tests.Integration.UtcApiTests.Timezone_StandardOffset_IsAsExpected(tzId: "Eastern Standard Time", expectedHours: -5) [191 ms]
  Passed WorldClock.Tests.Helpers.TeamsDeepLinkBuilderTests.StartEndTimes_MapCorrectlyFromSlots(startSlot: 0, endSlot: 0, expectedStart: "00:00", expectedEnd: "00:30") [182 ms]
  Passed WorldClock.Tests.Integration.UtcApiTests.Timezone_StandardOffset_IsAsExpected(tzId: "Tokyo Standard Time", expectedHours: 9) [< 1 ms]
  Passed WorldClock.Tests.Integration.UtcApiTests.Timezone_StandardOffset_IsAsExpected(tzId: "Arabian Standard Time", expectedHours: 4) [< 1 ms]
  Passed WorldClock.Tests.Helpers.TeamsDeepLinkBuilderTests.StartEndTimes_MapCorrectlyFromSlots(startSlot: 16, endSlot: 17, expectedStart: "08:00", expectedEnd: "09:00") [< 1 ms]
  Passed WorldClock.Tests.Helpers.TeamsDeepLinkBuilderTests.StartEndTimes_MapCorrectlyFromSlots(startSlot: 16, endSlot: 16, expectedStart: "08:00", expectedEnd: "08:30") [< 1 ms]
  Passed WorldClock.Tests.Helpers.TeamsDeepLinkBuilderTests.StartEndTimes_MapCorrectlyFromSlots(startSlot: 46, endSlot: 47, expectedStart: "23:00", expectedEnd: "00:00") [< 1 ms]
  Passed WorldClock.Tests.Helpers.TeamsDeepLinkBuilderTests.Body_ContainsAllCityNames [< 1 ms]
  Passed WorldClock.Tests.Helpers.TeamsDeepLinkBuilderTests.Body_ContainsCityTimes [< 1 ms]
  Passed WorldClock.Tests.Helpers.TeamsDeepLinkBuilderTests.Uri_DoesNotContainRawSpaces [< 1 ms]
  Passed WorldClock.Tests.Models.ClockLocationTests.Refresh_WithInvalidTimeZoneId_ThrowsTimeZoneNotFoundException [205 ms]
  Passed WorldClock.Tests.Helpers.TeamsDeepLinkBuilderTests.Body_EmptyCityList_DoesNotThrow [1 ms]
  Passed WorldClock.Tests.Helpers.TeamsDeepLinkBuilderTests.StartTime_UsesViewedDate [1 ms]
  Passed WorldClock.Tests.Services.ThemeServiceTests.ThemeService_SetOpacity_ValidRange_Stored(value: 0.5) [5 ms]
  Passed WorldClock.Tests.Helpers.SlotConverterAlignmentTests.IsHourSelected_False_For_Untouched_Hour [202 ms]
  Passed WorldClock.Tests.Helpers.SlotConverterAlignmentTests.Converter_SlotToPixel_ReturnsCorrectCanvasLeft(slot: 47, expectedPx: 1128) [< 1 ms]
  Passed WorldClock.Tests.Helpers.SlotConverterAlignmentTests.Converter_SlotToPixel_ReturnsCorrectCanvasLeft(slot: 1, expectedPx: 24) [< 1 ms]
  Passed WorldClock.Tests.Helpers.SlotConverterAlignmentTests.Converter_SlotToPixel_ReturnsCorrectCanvasLeft(slot: 2, expectedPx: 48) [< 1 ms]
  Passed WorldClock.Tests.Helpers.SlotConverterAlignmentTests.Converter_SlotToPixel_ReturnsCorrectCanvasLeft(slot: 20, expectedPx: 480) [< 1 ms]
  Passed WorldClock.Tests.Helpers.SlotConverterAlignmentTests.Converter_SlotToPixel_ReturnsCorrectCanvasLeft(slot: 10, expectedPx: 240) [< 1 ms]
  Passed WorldClock.Tests.Helpers.SlotConverterAlignmentTests.Converter_SlotToPixel_ReturnsCorrectCanvasLeft(slot: 0, expectedPx: 0) [< 1 ms]
  Passed WorldClock.Tests.Helpers.SlotConverterAlignmentTests.Converter_SlotToPixel_ReturnsCorrectCanvasLeft(slot: 30, expectedPx: 720) [< 1 ms]
  Passed WorldClock.Tests.Models.ClockLocationTests.Refresh_UtcOffset_MatchesExpectedOffsetDuringStandardTime(tzId: "Eastern Standard Time", expectedSignAndOffset: "-05:00") [2 ms]
  Passed WorldClock.Tests.Helpers.SlotConverterAlignmentTests.ClickFormula_AtSlotBoundaries_ProducesCorrectSlot [< 1 ms]
  Passed WorldClock.Tests.ViewModels.TimeTranslatorViewModelTests.Translate_FromEasternSource_ToUtc_WinterConversion [224 ms]
  Passed WorldClock.Tests.Helpers.SlotConverterAlignmentTests.IsHourSelected_True_When_HourStart00Slot_IsSelected [< 1 ms]
  Passed WorldClock.Tests.Helpers.SlotConverterAlignmentTests.ColumnHeader_LabelLeft_Equals_EvenSlot_CanvasLeft_ForAllHours [< 1 ms]
  Passed WorldClock.Tests.ViewModels.TimeTranslatorViewModelTests.SetSelectionRange_ColumnSlotIndex_MatchesCellSlotIndex [< 1 ms]
  Passed WorldClock.Tests.Helpers.SlotConverterAlignmentTests.IsHourSelected_OddSlots_AlwaysFalse [< 1 ms]
  Passed WorldClock.Tests.ViewModels.TimeTranslatorViewModelTests.Translate_SummerUtcInput_LondonTime_ShowsDstActive [< 1 ms]
  Passed WorldClock.Tests.ViewModels.TimeTranslatorViewModelTests.SetSelectionRange_ColumnAndCellCountIs48 [< 1 ms]
  Passed WorldClock.Tests.ViewModels.TimeTranslatorViewModelTests.SetSourceZone_TriggersRetranslation [< 1 ms]
  Passed WorldClock.Tests.ViewModels.TimeTranslatorViewModelTests.Translate_WinterUtcInput_EasternTime_ShowsDstInactive [< 1 ms]
  Passed WorldClock.Tests.ViewModels.TimeTranslatorViewModelTests.Translate_WinterUtcInput_LondonTime_ShowsDstInactive [< 1 ms]
  Passed WorldClock.Tests.ViewModels.TimeTranslatorViewModelTests.Translate_IndiaTimezone_NeverDst [< 1 ms]
  Passed WorldClock.Tests.ViewModels.TimeTranslatorViewModelTests.Translate_ExactDstStartMoment_DoesNotThrow [< 1 ms]
  Passed WorldClock.Tests.ViewModels.TimeTranslatorViewModelTests.Results_ContainCityName_AndFlag [< 1 ms]
  Passed WorldClock.Tests.ViewModels.TimeTranslatorViewModelTests.Translate_EmptyLocations_ResultsIsEmpty [< 1 ms]
  Passed WorldClock.Tests.ViewModels.TimeTranslatorViewModelTests.SetDate_TriggersRetranslation [< 1 ms]
  Passed WorldClock.Tests.ViewModels.TimeTranslatorViewModelTests.SetSelectionRange_Range_AllSlotsInRangeSelected [< 1 ms]
  Passed WorldClock.Tests.ViewModels.TimeTranslatorViewModelTests.Translate_ExactDstEndMoment_DoesNotThrow [< 1 ms]
  Passed WorldClock.Tests.Models.ClockLocationTests.Refresh_UtcOffset_MatchesExpectedOffsetDuringStandardTime(tzId: "UTC", expectedSignAndOffset: "+00:00") [1 ms]
  Passed WorldClock.Tests.ViewModels.TimeTranslatorViewModelTests.Translate_SummerUtcInput_EasternTime_ShowsDstActive [< 1 ms]
  Passed WorldClock.Tests.ViewModels.TimeTranslatorViewModelTests.Constructor_PopulatesResults_ForEveryLocation [< 1 ms]
  Passed WorldClock.Tests.Services.ThemeServiceTests.ThemeService_SetOpacity_ValidRange_Stored(value: 0.75) [8 ms]
  Passed WorldClock.Tests.ViewModels.TimeTranslatorViewModelTests.Constructor_Hours_HasTwentyFourEntries [< 1 ms]
  Passed WorldClock.Tests.ViewModels.TimeTranslatorViewModelTests.SourceZones_ContainsUtc [1 ms]
  Passed WorldClock.Tests.ViewModels.TimeTranslatorViewModelTests.Constructor_Minutes_HasSixtyEntries [< 1 ms]
  Passed WorldClock.Tests.ViewModels.TimeTranslatorViewModelTests.SetSelectionRange_HourAndMinuteMatchSlot [< 1 ms]
  Passed WorldClock.Tests.ViewModels.TimeTranslatorViewModelTests.SetHour_UpdatesTranslatedTime [< 1 ms]
  Passed WorldClock.Tests.ViewModels.MainViewModelTests.Locations_AllHaveCurrentDate_AfterConstruction [225 ms]
  Passed WorldClock.Tests.ViewModels.CityManagementTests.AllTimeZones_AreOrderedByBaseOffset [225 ms]
  Passed WorldClock.Tests.ViewModels.TimeTranslatorViewModelTests.SetSelectionRange_SingleSlot_ColumnAndAllCellsSelected [< 1 ms]
  Passed WorldClock.Tests.ViewModels.TimeTranslatorViewModelTests.Constructor_DefaultSourceZone_IsLocalMachineTimezone [< 1 ms]
  Passed WorldClock.Tests.ViewModels.TimeTranslatorViewModelTests.SetHomeZone_BeforeExplicitClick_SnapsToColombia_NotUtc [< 1 ms]
  Passed WorldClock.Tests.ViewModels.TimeTranslatorViewModelTests.IsOpen_SetFalse_FiresPropertyChanged [< 1 ms]
  Passed WorldClock.Tests.ViewModels.TimeTranslatorViewModelTests.SetSelectionRange_ClearsOldHighlight_BeforeApplyingNew [< 1 ms]
  Passed WorldClock.Tests.ViewModels.TimeTranslatorViewModelTests.SetMinute_UpdatesTranslatedTime [< 1 ms]
  Passed WorldClock.Tests.ViewModels.TimeTranslatorViewModelTests.Translate_FromEasternSource_ToUtc_SummerConversion [< 1 ms]
[xUnit.net 00:00:00.45]     WorldClock.Tests.Helpers.SlotConverterAlignmentTests.ColumnHeader_LabelWidth_Is_Exactly_TwoSlots [FAIL]
[xUnit.net 00:00:00.45]       Expected labelWidthPx to be 48.0 because each column-header hour label is 20px = 2 ├ù SlotWidthPx, spanning the :00 slot and the :30 slot of the same hour, but found 20.0 (difference of -28).
[xUnit.net 00:00:00.45]       Stack Trace:
[xUnit.net 00:00:00.45]            at FluentAssertions.Execution.XUnit2TestFramework.Throw(String message)
[xUnit.net 00:00:00.45]            at FluentAssertions.Execution.TestFrameworkProvider.Throw(String message)
[xUnit.net 00:00:00.45]            at FluentAssertions.Execution.DefaultAssertionStrategy.HandleFailure(String message)
[xUnit.net 00:00:00.45]            at FluentAssertions.Execution.AssertionScope.FailWith(Func`1 failReasonFunc)
[xUnit.net 00:00:00.45]            at FluentAssertions.Execution.AssertionScope.FailWith(Func`1 failReasonFunc)
[xUnit.net 00:00:00.45]            at FluentAssertions.Execution.AssertionScope.FailWith(String message, Object[] args)
[xUnit.net 00:00:00.45]            at FluentAssertions.Numeric.NumericAssertions`2.Be(T expected, String because, Object[] becauseArgs)
[xUnit.net 00:00:00.45]         C:\Users\dfonsecatorres\repos\worldclock\WorldClock.Tests\Helpers\SlotConverterAlignmentTests.cs(211,0): at WorldClock.Tests.Helpers.SlotConverterAlignmentTests.ColumnHeader_LabelWidth_Is_Exactly_TwoSlots()
[xUnit.net 00:00:00.45]            at System.RuntimeMethodHandle.InvokeMethod(Object target, Void** arguments, Signature sig, Boolean isConstructor)
[xUnit.net 00:00:00.45]            at System.Reflection.MethodBaseInvoker.InvokeWithNoArgs(Object obj, BindingFlags invokeAttr)
  Passed WorldClock.Tests.ViewModels.TimeTranslatorViewModelTests.Results_DstBrush_IsNotNull [< 1 ms]
  Passed WorldClock.Tests.ViewModels.TimeTranslatorViewModelTests.Constructor_IsOpen_DefaultIsTrue [< 1 ms]
  Passed WorldClock.Tests.ViewModels.TimeTranslatorViewModelTests.Translate_MultipleLocations_AllTranslated [2 ms]
  Passed WorldClock.Tests.ViewModels.TimeTranslatorViewModelTests.SourceZones_AreOrderedByBaseOffset [< 1 ms]
  Passed WorldClock.Tests.Models.ClockLocationTests.Refresh_UtcOffset_MatchesExpectedOffsetDuringStandardTime(tzId: "GMT Standard Time", expectedSignAndOffset: "+00:00") [2 ms]
  Passed WorldClock.Tests.Services.ThemeServiceTests.AppTheme_All_AllHaveUniqueName [1 ms]
  Passed WorldClock.Tests.Models.ClockLocationTests.Refresh_SetsCurrentTime_ToNonEmptyString [1 ms]
  Passed WorldClock.Tests.ViewModels.MainViewModelTests.Location_TimeZoneId_MapsCorrectlyToCity(city: "Tokyo", expectedTzId: "Tokyo Standard Time") [4 ms]
  Failed WorldClock.Tests.Helpers.SlotConverterAlignmentTests.ColumnHeader_LabelWidth_Is_Exactly_TwoSlots [25 ms]
  Error Message:
   Expected labelWidthPx to be 48.0 because each column-header hour label is 20px = 2 ├ù SlotWidthPx, spanning the :00 slot and the :30 slot of the same hour, but found 20.0 (difference of -28).
  Stack Trace:
     at FluentAssertions.Execution.XUnit2TestFramework.Throw(String message)
   at FluentAssertions.Execution.TestFrameworkProvider.Throw(String message)
   at FluentAssertions.Execution.DefaultAssertionStrategy.HandleFailure(String message)
   at FluentAssertions.Execution.AssertionScope.FailWith(Func`1 failReasonFunc)
   at FluentAssertions.Execution.AssertionScope.FailWith(Func`1 failReasonFunc)
   at FluentAssertions.Execution.AssertionScope.FailWith(String message, Object[] args)
   at FluentAssertions.Numeric.NumericAssertions`2.Be(T expected, String because, Object[] becauseArgs)
   at WorldClock.Tests.Helpers.SlotConverterAlignmentTests.ColumnHeader_LabelWidth_Is_Exactly_TwoSlots() in C:\Users\dfonsecatorres\repos\worldclock\WorldClock.Tests\Helpers\SlotConverterAlignmentTests.cs:line 211
   at System.RuntimeMethodHandle.InvokeMethod(Object target, Void** arguments, Signature sig, Boolean isConstructor)
   at System.Reflection.MethodBaseInvoker.InvokeWithNoArgs(Object obj, BindingFlags invokeAttr)
  Passed WorldClock.Tests.ViewModels.CityManagementTests.AddLocation_ValidCity_AppearsInLocations [8 ms]
  Passed WorldClock.Tests.Helpers.SlotConverterAlignmentTests.IsHourSelected_TrueForAllTouchedHours_FalseForUntouched [< 1 ms]
  Passed WorldClock.Tests.Helpers.SlotConverterAlignmentTests.EffectiveZone_BeforeHomeSet_IsLocalNotUtc [< 1 ms]
  Passed WorldClock.Tests.Helpers.SlotConverterAlignmentTests.Converter_ConvertBack_InvertsConvert [< 1 ms]
  Passed WorldClock.Tests.Helpers.SlotConverterAlignmentTests.SelectionStart_And_ColumnHeaders_UseConsistentZone [< 1 ms]
  Passed WorldClock.Tests.Helpers.SlotConverterAlignmentTests.IsHourSelected_True_When_HalfHour30Slot_IsSelected [< 1 ms]
  Passed WorldClock.Tests.Helpers.SlotConverterAlignmentTests.Converter_SlotWidthPx_IsExactlyTen [< 1 ms]
  Passed WorldClock.Tests.Models.ClockLocationTests.Refresh_SetsUtcOffset_ForUtcTimezone_ToUtcPlusZero [1 ms]
  Passed WorldClock.Tests.ViewModels.MainViewModelTests.Location_TimeZoneId_MapsCorrectlyToCity(city: "London", expectedTzId: "GMT Standard Time") [4 ms]
  Passed WorldClock.Tests.Services.ThemeServiceTests.ThemeService_SetActiveTheme_ChangesTheme [9 ms]
  Passed WorldClock.Tests.ViewModels.CityManagementTests.AllTimeZones_ContainsUtc [4 ms]
  Passed WorldClock.Tests.Models.ClockLocationTests.Refresh_RaisesPropertyChanged_ForCurrentTime [2 ms]
  Passed WorldClock.Tests.Services.ThemeServiceTests.AppTheme_All_ContainsLightDefault [< 1 ms]
  Passed WorldClock.Tests.ViewModels.MainViewModelTests.Location_TimeZoneId_MapsCorrectlyToCity(city: "Dubai", expectedTzId: "Arabian Standard Time") [2 ms]
  Passed WorldClock.Tests.ViewModels.CityManagementTests.AddLocation_EmptyCityName_ReturnsFalse [3 ms]
  Passed WorldClock.Tests.Models.ClockLocationTests.Refresh_RaisesPropertyChanged_ThreeTimesMinimum [1 ms]
  Passed WorldClock.Tests.ViewModels.MainViewModelTests.Location_TimeZoneId_MapsCorrectlyToCity(city: "New York", expectedTzId: "Eastern Standard Time") [3 ms]
  Passed WorldClock.Tests.Models.ClockLocationTests.Refresh_SetsCurrentDate_ContainsCurrentYear [< 1 ms]
  Passed WorldClock.Tests.ViewModels.CityManagementTests.AllTimeZones_IsNotEmpty [2 ms]
  Passed WorldClock.Tests.Services.ThemeServiceTests.ThemeService_SetActiveTheme_FiresPropertyChanged [7 ms]
  Passed WorldClock.Tests.Services.ThemeServiceTests.AppTheme_All_AllHaveNonDefaultBackgroundDark [1 ms]
  Passed WorldClock.Tests.ViewModels.MainViewModelTests.Location_TimeZoneId_MapsCorrectlyToCity(city: "Sydney", expectedTzId: "AUS Eastern Standard Time") [3 ms]
  Passed WorldClock.Tests.Models.ClockLocationTests.Refresh_SetsCurrentDate_InDddDdMmmYyyyFormat [1 ms]
  Passed WorldClock.Tests.Services.ThemeServiceTests.ThemeService_SetDeleteMode_False_FiresPropertyChanged [< 1 ms]
  Passed WorldClock.Tests.ViewModels.CityManagementTests.AddLocation_CityStateFormat_StoredWithoutState [7 ms]
  Passed WorldClock.Tests.Services.ThemeServiceTests.ThemeService_DefaultTheme_IsDarkDefault [< 1 ms]
  Passed WorldClock.Tests.ViewModels.MainViewModelTests.Location_TimeZoneId_MapsCorrectlyToCity(city: "Madrid", expectedTzId: "Romance Standard Time") [4 ms]
  Passed WorldClock.Tests.Models.ClockLocationTests.Refresh_SetsUtcOffset_AlwaysStartsWithUtc [1 ms]
  Passed WorldClock.Tests.Services.ThemeServiceTests.AppTheme_All_ContainsDarkDefault [< 1 ms]
  Passed WorldClock.Tests.ViewModels.CityManagementTests.AddLocation_DuplicateCityName_ReturnsFalse [3 ms]
  Passed WorldClock.Tests.Models.ClockLocationTests.Refresh_RaisesPropertyChanged_ForUtcOffset [1 ms]
  Passed WorldClock.Tests.ViewModels.MainViewModelTests.Locations_CityNames_AreUnique [3 ms]
  Passed WorldClock.Tests.Services.ThemeServiceTests.ThemeService_SetOpacity_Clamps_BelowMin [12 ms]
  Passed WorldClock.Tests.Services.ThemeServiceTests.ThemeService_SetOpacity_AcceptsValidValue [3 ms]
  Passed WorldClock.Tests.Services.ThemeServiceTests.AppTheme_All_AllHaveNonDefaultAccentPrimary [< 1 ms]
  Passed WorldClock.Tests.ViewModels.CityManagementTests.AddLocation_SameTimezone_DifferentCityName_Succeeds [18 ms]
  Passed WorldClock.Tests.Services.ThemeServiceTests.ThemeService_SetDeleteMode_True_FiresPropertyChanged [< 1 ms]
  Passed WorldClock.Tests.Services.ThemeServiceTests.AppTheme_IsDark_SolarizedLight_IsFalse [< 1 ms]
  Passed WorldClock.Tests.Services.ThemeServiceTests.AppTheme_IsDark_DarkDefault_IsTrue [< 1 ms]
  Passed WorldClock.Tests.Services.ThemeServiceTests.AppTheme_IsDark_CatppuccinLatte_IsFalse [< 1 ms]
  Passed WorldClock.Tests.Models.ClockLocationTests.Refresh_SetsCurrentTime_InHhMmSsFormat [1 ms]
  Passed WorldClock.Tests.ViewModels.CityManagementTests.AddLocation_NewLocation_HasValidCurrentTime [5 ms]
  Passed WorldClock.Tests.Services.ThemeServiceTests.AppTheme_IsDark_LightDefault_IsFalse [< 1 ms]
  Passed WorldClock.Tests.ViewModels.MainViewModelTests.Locations_ContainsAllExpectedCities [3 ms]
  Passed WorldClock.Tests.Models.ClockLocationTests.Refresh_RaisesPropertyChanged_ForCurrentDate [1 ms]
  Passed WorldClock.Tests.ViewModels.MainViewModelTests.Locations_AllHaveNonNullAccentBrush [2 ms]
  Passed WorldClock.Tests.Models.ClockLocationTests.Refresh_SetsUtcOffset_MatchesExpectedPattern [1 ms]
  Passed WorldClock.Tests.ViewModels.MainViewModelTests.Locations_UtcEntry_CurrentTime_MatchesUtcNow_WithinTwoSeconds [3 ms]
  Passed WorldClock.Tests.Services.ThemeServiceTests.AppTheme_BrushBackgroundDark_IsNotNull [1 ms]
  Passed WorldClock.Tests.ViewModels.MainViewModelTests.Locations_FirstItem_IsUtcGmt [3 ms]
  Passed WorldClock.Tests.Services.ThemeServiceTests.ThemeService_DeleteMode_DefaultIsFalse [< 1 ms]
  Passed WorldClock.Tests.ViewModels.CityManagementTests.RemoveLocation_UtcEntry_ReturnsFalse [3 ms]
  Passed WorldClock.Tests.ViewModels.MainViewModelTests.Locations_AllHaveCurrentTime_AfterConstruction [3 ms]
  Passed WorldClock.Tests.ViewModels.MainViewModelTests.Locations_HasSevenItems [1 ms]
  Passed WorldClock.Tests.ViewModels.CityManagementTests.AddLocation_ValidCityAndTz_IncreasesLocationCount [4 ms]
  Passed WorldClock.Tests.ViewModels.MainViewModelTests.Locations_AllHaveNonEmptyCountryFlag [3 ms]
  Passed WorldClock.Tests.ViewModels.CityManagementTests.AddLocation_CityStateFormat_NormalizesToCityName [1 ms]
  Passed WorldClock.Tests.ViewModels.MainViewModelTests.Locations_AllHaveValidTimeZoneIds [4 ms]
  Passed WorldClock.Tests.ViewModels.MainViewModelTests.Locations_AllHaveUtcOffset_AfterConstruction [2 ms]
  Passed WorldClock.Tests.ViewModels.CityManagementTests.RemoveLocation_ExistingCity_DecreasesCount [6 ms]
  Passed WorldClock.Tests.ViewModels.MainViewModelTests.Locations_AllHaveNonEmptyCityName [3 ms]
  Passed WorldClock.Tests.ViewModels.MainViewModelTests.Locations_AllHaveNonEmptyTeamLabel [1 ms]
  Passed WorldClock.Tests.ViewModels.CityManagementTests.AddLocation_DefaultTeamLabel_IsCustom [4 ms]
  Passed WorldClock.Tests.ViewModels.MainViewModelTests.Locations_CurrentTime_MatchesHhMmSsFormat [2 ms]
  Passed WorldClock.Tests.ViewModels.CityManagementTests.AddLocation_SetsTeamLabel_Correctly [3 ms]
  Passed WorldClock.Tests.ViewModels.CityManagementTests.RemoveLocation_NonExistentLocation_ReturnsFalse [2 ms]
  Passed WorldClock.Tests.ViewModels.CityManagementTests.AddLocation_WhitespaceCityName_ReturnsFalse [1 ms]
  Passed WorldClock.Tests.ViewModels.CityManagementTests.AddLocation_NewLocation_HasNonNullAccentBrush [3 ms]
  Passed WorldClock.Tests.ViewModels.CityManagementTests.RemoveLocation_ExistingCity_RemovedFromList [5 ms]
  Passed WorldClock.Tests.ViewModels.CityManagementTests.AddLocation_InvalidTimezoneId_ReturnsFalse [2 ms]
  Passed WorldClock.Tests.Helpers.AcrylicHelperTests.AcrylicHelper_Enable_ReturnsTierMatchingDetectedTier [614 ms]
  Passed WorldClock.Tests.Helpers.AcrylicHelperTests.AcrylicHelper_DetectedTier_IsWin11_22H2_WhenOSIsWin11_22H2 [< 1 ms]
  Passed WorldClock.Tests.Helpers.AcrylicHelperTests.AcrylicHelper_ToTintAlpha_HalfOpacity_IsHalfOfMax [< 1 ms]
  Passed WorldClock.Tests.Helpers.AcrylicHelperTests.AcrylicHelper_ToBackgroundAlpha_ZeroOpacity_IsZero [< 1 ms]
  Passed WorldClock.Tests.Helpers.AcrylicHelperTests.AcrylicHelper_EncodeGradient_ZeroAlpha_MostSignificantByteIsZero [< 1 ms]
  Passed WorldClock.Tests.Helpers.AcrylicHelperTests.AcrylicHelper_EncodeGradient_Blue_ZeroAlpha_Produces_0x00FF0000 [< 1 ms]
  Passed WorldClock.Tests.Helpers.AcrylicHelperTests.AcrylicHelper_ToBackgroundAlpha_OverOpacity_ClampsToMax [< 1 ms]
  Passed WorldClock.Tests.Helpers.AcrylicHelperTests.AcrylicHelper_EncodeGradient_Black_FullAlpha_IsOnlyAlphaBits [< 1 ms]
  Passed WorldClock.Tests.Helpers.AcrylicHelperTests.AcrylicHelper_MultipleEnableCalls_DoNotThrow [39 ms]
  Passed WorldClock.Tests.Helpers.AcrylicHelperTests.AcrylicHelper_ToBackgroundAlpha_HalfOpacity_IsHalfOfMax [< 1 ms]
  Passed WorldClock.Tests.Helpers.AcrylicHelperTests.AcrylicHelper_EncodeGradient_Green_ZeroAlpha_Produces_0x0000FF00 [< 1 ms]
  Passed WorldClock.Tests.Helpers.AcrylicHelperTests.AcrylicHelper_EncodeGradient_Red_HalfAlpha_Produces_0x800000FF [< 1 ms]
  Passed WorldClock.Tests.Helpers.AcrylicHelperTests.AcrylicHelper_Enable_ZeroAlpha_DoesNotThrow [33 ms]
  Passed WorldClock.Tests.Helpers.AcrylicHelperTests.AcrylicHelper_ToBackgroundAlpha_MaxOpacity_IsNeverFullyOpaque [< 1 ms]
  Passed WorldClock.Tests.Helpers.AcrylicHelperTests.AcrylicHelper_Disable_AfterEnable_DoesNotThrow [41 ms]
  Passed WorldClock.Tests.Helpers.AcrylicHelperTests.AcrylicHelper_MaxTintAlpha_IsLessThan255 [< 1 ms]
  Passed WorldClock.Tests.Helpers.AcrylicHelperTests.AcrylicHelper_Enable_LightTheme_DoesNotThrow [35 ms]
  Passed WorldClock.Tests.Helpers.AcrylicHelperTests.AcrylicHelper_ToBackgroundAlpha_NegativeOpacity_ClampsToZero [< 1 ms]
  Passed WorldClock.Tests.Helpers.AcrylicHelperTests.AcrylicHelper_EncodeGradient_FullAlpha_MostSignificantByteIsFF [< 1 ms]
  Passed WorldClock.Tests.Helpers.AcrylicHelperTests.AcrylicHelper_ToTintAlpha_NegativeOpacity_ClampsToZero [< 1 ms]
  Passed WorldClock.Tests.Helpers.AcrylicHelperTests.AcrylicHelper_Enable_MaxAlpha_DoesNotThrow [32 ms]
  Passed WorldClock.Tests.Helpers.AcrylicHelperTests.AcrylicHelper_MaxTintAlpha_IsLessThanMaxBackgroundAlpha [< 1 ms]
  Passed WorldClock.Tests.Helpers.AcrylicHelperTests.AcrylicHelper_Enable_DarkTheme_DoesNotThrow [37 ms]
  Passed WorldClock.Tests.Helpers.AcrylicHelperTests.AcrylicHelper_ToTintAlpha_MaxOpacity_IsNeverFullyOpaque [< 1 ms]
  Passed WorldClock.Tests.Helpers.AcrylicHelperTests.AcrylicHelper_ToTintAlpha_MaxOpacity_IsMaxTintAlpha [< 1 ms]
  Passed WorldClock.Tests.Helpers.AcrylicHelperTests.AcrylicHelper_DetectedTier_IsDefinedEnumValue [< 1 ms]
  Passed WorldClock.Tests.Integration.UtcApiTests.ClockLocation_UtcTime_MatchesPublicApi_WithinTolerance [832 ms]
  Passed WorldClock.Tests.Integration.UtcApiTests.UtcApi_ResponseContains_RequiredFields [602 ms]
  Passed WorldClock.Tests.Integration.UtcApiTests.UtcApi_ReportsValidTimeComponents [602 ms]
  Passed WorldClock.Tests.Integration.UtcApiTests.UtcApi_ReportsValidDateComponents [630 ms]
  Passed WorldClock.Tests.Integration.UtcApiTests.UtcApi_ReturnsSuccessStatusCode [641 ms]
  Passed WorldClock.Tests.Integration.UtcApiTests.LocalUtcTimezone_HasZeroOffset [1 ms]
[xUnit.net 00:00:04.95]   Finished:    WorldClock.Tests
  Passed WorldClock.Tests.Integration.UtcApiTests.UtcApi_ReportsTimeZone_AsUtc [612 ms]
  Passed WorldClock.Tests.Integration.UtcApiTests.UtcApi_Time_MatchesLocalUtcClock_WithinTolerance [604 ms]
  Passed WorldClock.Tests.Integration.UtcApiTests.LocalUtcNow_EqualsConvertedUtcTime [< 1 ms]

Test Run Failed.
Total tests: 251
     Passed: 250
     Failed: 1
 Total time: 5.6105 Seconds
